---
source: tests/report_snapshots.rs
assertion_line: 65
expression: TableFormatter.format(&empty)
---
Function: (wasm upload)
Network: mainnet (ledger 0)
RPC round-trip: 0 ms
WASM hash: 0000000000000000

+------------------+----------+---------------+
| Resource         | Consumed | Fee (stroops) |
+=============================================+
| CPU Instructions | 0        |               |
|------------------+----------+---------------|
| Memory Bytes     | 0        |               |
|------------------+----------+---------------|
| Read Entries     | 0        |               |
|------------------+----------+---------------|
| Write Entries    | 0        |               |
|------------------+----------+---------------|
| Read Bytes       | 0        |               |
|------------------+----------+---------------|
| Write Bytes      | 0        |               |
|------------------+----------+---------------|
| Transaction Size | 0        |               |
+------------------+----------+---------------+

Fee Breakdown:
  Non-refundable: 0 stroops (0.0%)
  Refundable:     0 stroops (0.0%)

  Components (of non-refundable):
    CPU:        0 stroops (0.0%)
    Storage:    0 stroops (0.0%)
    Bandwidth:  0 stroops (0.0%)

  Total:          0 stroops (0.0000000)

Optimization Suggestions:
  No cost optimizations identified (fee rates unavailable or no reducible resources).
